%HEADER
Output file generated by BIOS 3.0.

--------------------------OPTIMIZATION.PARAMETERS---------------------------

%OPTIMIZATION.ALGORITHM
'SAOHKRG'
'SAOCOKRG'

%OPTIMIZATION.NUMBER
1
 
%MAXIMUM.GENERATIONS
0

%MAXIMUM.NUMBER.OF.POINTS
100
 
%MIGRATION.GENERATION.GAP
10

%MIGRATION.INDIVIDUAL.NUMBER
1

%MAXIMUM.THREAD.NUMBER
1

%STALL.GEN
10

------------------------------PROBLEM.PARAMETERS-----------------------------
 
%INDIVIDUAL.TYPE
'DoubleVector'
'IntegerVector'

%PROBLEM.TYPE
'ShallowShellTBuckFGM'

%%MINIMUM.OBJECTIVE.FUNCTION
7.45728E+09

---------------------------SAMPLING.PARAMETERS-----------------------------

%SAMPLING.METHOD
'HAMMERSLEY'
'NLHS'
'LHS'
'RANDOM'
'SOBOL'
'CVT'
'LCVT'

%NUMBER.OF.INITIAL.SAMPLING.POINTS
100

%NUMBER.OF.INITIAL.LF.SAMPLING.POINTS
100

%USE.NESTED.SAMPLE
1

----------------------RADIAL.BASIS.FUNCTION.PARAMETERS----------------------

%SIGMA.TYPE
'KFCV'
'NAK'
'LOOCV'
'ASKIT'
'UKIT'

-----------------------------KRIGING.PARAMETERS-----------------------------

%CORRELATION.TYPE
'GAUSS'
'MATERN'

%KRG.HYPERPARAMETERS
-5.0 3.0

-----------------------ACQUISITION.FUNCTION.PARAMETERS----------------------

%INFILL.CRITERIA
'VFEI'
'VFPOI'
'ExpectedImprovement'
'ProbabilityOfImprovement'
'LowerConfidenceBound'
'SurrogateMinimization'
'VFLCB'

%CONSTRAINT.HANDLING.METHOD
'SCHONLAU'
'BAGHERI'
'TUTUM'
'SOBESTER'

%BETA.VALUE
1.0

%WEI.VALUE
0.5

%USE.CYCLIC.WEI
0

-------------------SUB.OPTIMIZATION.ALGORITHM.PARAMETERS-------------------

%SUB.OPTIMIZATION.ALGORITHM
'StdPSO'
'StdDE'
'StdGA'
'LamPSO'
'LamGA'

%SUB.DE.TYPE
'LocalToBest'
'Rand1'
'BestWithJitter'

%SUB.PSO.TOPOLOGY
'Square'
'Ring'
'Gbest'

%SUB.MAXIMUM.GENERATIONS
500

%SUB.POPULATION.SIZE
100

%SUB.MUTATION.PROBABILITY
0.05

-----------------------------PENALTY.PARAMETERS-----------------------------

%PENALTY.METHOD
'Static'
'Adaptive'
'Deb2000'

%PENALTY.CONSTANT.FACTOR
1.0e15

%HEADER
Output file generated by BIOS 3.0.
 
%MATERIAL
2

%MATERIAL.ISOTROPIC
2
1 70e9   0.30   0.00   0.00 
2 380e9  0.30   0.00   0.00

%MATERIAL.CONDUCTIVITY
2
1 229.0
2 64.99
1 204
2 2.9 

%FGM.MATERIALS
2
1
2

%FGM.MODEL
'Mori-Tanaka'
'Voigt'

%FGM.VOLUME.DISTRIBUTION
'BSpline'
'Power-Law'
'PCHIP'
'Polynomial'

%FGM.NUMBER.OF.CONTROL.POINTS
9


%HYPERPARAMETES.ITERATIONS
-4.24252   0.0347839   -2.00143   0.000702104   0.189247   -1.51224   -0.114917   0.518858   -2.89005   

%RESULT.BEST.INDIVIDUALS

%RESULT.AVERAGE.INDIVIDUALS

%RESULT.INDIVIDUAL.EVALUATIONS
100

%RESULT.BEST.INDIVIDUALS
5


%RESULT.OBJECTIVE.FUNCTION
-115.982

%RESULT.PENALIZED.OBJECTIVE.FUNCTION
-115.982

%DESIGN.VARIABLES
0.7
0.382812
0.617284
0.176
0.0641399
0.413223
0.414201
0.131488
0.692521

%CONSTRAINT.VALUES
-0.0108265

%RESULT.OBJECTIVE.FUNCTION
-114.161

%RESULT.PENALIZED.OBJECTIVE.FUNCTION
-114.161

%DESIGN.VARIABLES
0.56
0.109375
0.691358
0.256
0.0233236
0.132231
0.331361
0.304498
0.952909

%CONSTRAINT.VALUES
-0.0304028

%RESULT.OBJECTIVE.FUNCTION
-113.132

%RESULT.PENALIZED.OBJECTIVE.FUNCTION
-113.132

%DESIGN.VARIABLES
0.78
0.445312
0.320988
0.624
0.227405
0.14876
0.035503
0.602076
0.116343

%CONSTRAINT.VALUES
-0.0137565

%RESULT.OBJECTIVE.FUNCTION
-112.694

%RESULT.PENALIZED.OBJECTIVE.FUNCTION
-112.694

%DESIGN.VARIABLES
0.56
0.109375
0.691358
0.256
0.0233236
0.132231
0.331361
0.304498
0.952909

%CONSTRAINT.VALUES
-0.0304028

%RESULT.OBJECTIVE.FUNCTION
-111.671

%RESULT.PENALIZED.OBJECTIVE.FUNCTION
-111.671

%DESIGN.VARIABLES
0.78
0.445312
0.320988
0.624
0.227405
0.14876
0.035503
0.602076
0.116343

%CONSTRAINT.VALUES
-0.0137565

%SAMPLE.X.HF
1  0  0  0  0  0  0  0  0  0  
2  0.01  0.5  0.333333  0.2  0.142857  0.0909091  0.0769231  0.0588235  0.0526316  
3  0.02  0.25  0.666667  0.4  0.285714  0.181818  0.153846  0.117647  0.105263  
4  0.03  0.75  0.111111  0.6  0.428571  0.272727  0.230769  0.176471  0.157895  
5  0.04  0.125  0.444444  0.8  0.571429  0.363636  0.307692  0.235294  0.210526  
6  0.05  0.625  0.777778  0.04  0.714286  0.454545  0.384615  0.294118  0.263158  
7  0.06  0.375  0.222222  0.24  0.857143  0.545455  0.461538  0.352941  0.315789  
8  0.07  0.875  0.555556  0.44  0.0204082  0.636364  0.538462  0.411765  0.368421  
9  0.08  0.0625  0.888889  0.64  0.163265  0.727273  0.615385  0.470588  0.421053  
10  0.09  0.5625  0.037037  0.84  0.306122  0.818182  0.692308  0.529412  0.473684  
11  0.1  0.3125  0.37037  0.08  0.44898  0.909091  0.769231  0.588235  0.526316  
12  0.11  0.8125  0.703704  0.28  0.591837  0.00826446  0.846154  0.647059  0.578947  
13  0.12  0.1875  0.148148  0.48  0.734694  0.0991736  0.923077  0.705882  0.631579  
14  0.13  0.6875  0.481481  0.68  0.877551  0.190083  0.00591716  0.764706  0.684211  
15  0.14  0.4375  0.814815  0.88  0.0408163  0.280992  0.0828402  0.823529  0.736842  
16  0.15  0.9375  0.259259  0.12  0.183673  0.371901  0.159763  0.882353  0.789474  
17  0.16  0.03125  0.592593  0.32  0.326531  0.46281  0.236686  0.941176  0.842105  
18  0.17  0.53125  0.925926  0.52  0.469388  0.553719  0.313609  0.00346021  0.894737  
19  0.18  0.28125  0.0740741  0.72  0.612245  0.644628  0.390533  0.0622837  0.947368  
20  0.19  0.78125  0.407407  0.92  0.755102  0.735537  0.467456  0.121107  0.00277008  
21  0.2  0.15625  0.740741  0.16  0.897959  0.826446  0.544379  0.179931  0.0554017  
22  0.21  0.65625  0.185185  0.36  0.0612245  0.917355  0.621302  0.238754  0.108033  
23  0.22  0.40625  0.518519  0.56  0.204082  0.0165289  0.698225  0.297578  0.160665  
24  0.23  0.90625  0.851852  0.76  0.346939  0.107438  0.775148  0.356401  0.213296  
25  0.24  0.09375  0.296296  0.96  0.489796  0.198347  0.852071  0.415225  0.265928  
26  0.25  0.59375  0.62963  0.008  0.632653  0.289256  0.928994  0.474048  0.31856  
27  0.26  0.34375  0.962963  0.208  0.77551  0.380165  0.0118343  0.532872  0.371191  
28  0.27  0.84375  0.0123457  0.408  0.918367  0.471074  0.0887574  0.591696  0.423823  
29  0.28  0.21875  0.345679  0.608  0.0816327  0.561983  0.16568  0.650519  0.476454  
30  0.29  0.71875  0.679012  0.808  0.22449  0.652893  0.242604  0.709343  0.529086  
31  0.3  0.46875  0.123457  0.048  0.367347  0.743802  0.319527  0.768166  0.581717  
32  0.31  0.96875  0.45679  0.248  0.510204  0.834711  0.39645  0.82699  0.634349  
33  0.32  0.015625  0.790123  0.448  0.653061  0.92562  0.473373  0.885813  0.686981  
34  0.33  0.515625  0.234568  0.648  0.795918  0.0247934  0.550296  0.944637  0.739612  
35  0.34  0.265625  0.567901  0.848  0.938776  0.115702  0.627219  0.00692042  0.792244  
36  0.35  0.765625  0.901235  0.088  0.102041  0.206612  0.704142  0.0657439  0.844875  
37  0.36  0.140625  0.0493827  0.288  0.244898  0.297521  0.781065  0.124567  0.897507  
38  0.37  0.640625  0.382716  0.488  0.387755  0.38843  0.857988  0.183391  0.950139  
39  0.38  0.390625  0.716049  0.688  0.530612  0.479339  0.934911  0.242215  0.00554017  
40  0.39  0.890625  0.160494  0.888  0.673469  0.570248  0.0177515  0.301038  0.0581717  
41  0.4  0.078125  0.493827  0.128  0.816327  0.661157  0.0946746  0.359862  0.110803  
42  0.41  0.578125  0.82716  0.328  0.959184  0.752066  0.171598  0.418685  0.163435  
43  0.42  0.328125  0.271605  0.528  0.122449  0.842975  0.248521  0.477509  0.216066  
44  0.43  0.828125  0.604938  0.728  0.265306  0.933884  0.325444  0.536332  0.268698  
45  0.44  0.203125  0.938272  0.928  0.408163  0.0330579  0.402367  0.595156  0.32133  
46  0.45  0.703125  0.0864198  0.168  0.55102  0.123967  0.47929  0.653979  0.373961  
47  0.46  0.453125  0.419753  0.368  0.693878  0.214876  0.556213  0.712803  0.426593  
48  0.47  0.953125  0.753086  0.568  0.836735  0.305785  0.633136  0.771626  0.479224  
49  0.48  0.046875  0.197531  0.768  0.979592  0.396694  0.710059  0.83045  0.531856  
50  0.49  0.546875  0.530864  0.968  0.00291545  0.487603  0.786982  0.889273  0.584488  
51  0.5  0.296875  0.864198  0.016  0.145773  0.578512  0.863905  0.948097  0.637119  
52  0.51  0.796875  0.308642  0.216  0.28863  0.669421  0.940828  0.0103806  0.689751  
53  0.52  0.171875  0.641975  0.416  0.431487  0.760331  0.0236686  0.0692042  0.742382  
54  0.53  0.671875  0.975309  0.616  0.574344  0.85124  0.100592  0.128028  0.795014  
55  0.54  0.421875  0.0246914  0.816  0.717201  0.942149  0.177515  0.186851  0.847645  
56  0.55  0.921875  0.358025  0.056  0.860058  0.0413223  0.254438  0.245675  0.900277  
57  0.56  0.109375  0.691358  0.256  0.0233236  0.132231  0.331361  0.304498  0.952909  
58  0.57  0.609375  0.135802  0.456  0.166181  0.22314  0.408284  0.363322  0.00831025  
59  0.58  0.359375  0.469136  0.656  0.309038  0.31405  0.485207  0.422145  0.0609418  
60  0.59  0.859375  0.802469  0.856  0.451895  0.404959  0.56213  0.480969  0.113573  
61  0.6  0.234375  0.246914  0.096  0.594752  0.495868  0.639053  0.539792  0.166205  
62  0.61  0.734375  0.580247  0.296  0.737609  0.586777  0.715976  0.598616  0.218837  
63  0.62  0.484375  0.91358  0.496  0.880466  0.677686  0.792899  0.657439  0.271468  
64  0.63  0.984375  0.0617284  0.696  0.0437318  0.768595  0.869822  0.716263  0.3241  
65  0.64  0.0078125  0.395062  0.896  0.186589  0.859504  0.946746  0.775087  0.376731  
66  0.65  0.507812  0.728395  0.136  0.329446  0.950413  0.0295858  0.83391  0.429363  
67  0.66  0.257812  0.17284  0.336  0.472303  0.0495868  0.106509  0.892734  0.481994  
68  0.67  0.757812  0.506173  0.536  0.61516  0.140496  0.183432  0.951557  0.534626  
69  0.68  0.132812  0.839506  0.736  0.758017  0.231405  0.260355  0.0138408  0.587258  
70  0.69  0.632812  0.283951  0.936  0.900875  0.322314  0.337278  0.0726644  0.639889  
71  0.7  0.382812  0.617284  0.176  0.0641399  0.413223  0.414201  0.131488  0.692521  
72  0.71  0.882812  0.950617  0.376  0.206997  0.504132  0.491124  0.190311  0.745152  
73  0.72  0.0703125  0.0987654  0.576  0.349854  0.595041  0.568047  0.249135  0.797784  
74  0.73  0.570312  0.432099  0.776  0.492711  0.68595  0.64497  0.307958  0.850416  
75  0.74  0.320312  0.765432  0.976  0.635569  0.77686  0.721893  0.366782  0.903047  
76  0.75  0.820312  0.209877  0.024  0.778426  0.867769  0.798817  0.425606  0.955679  
77  0.76  0.195312  0.54321  0.224  0.921283  0.958678  0.87574  0.484429  0.0110803  
78  0.77  0.695312  0.876543  0.424  0.0845481  0.0578512  0.952663  0.543253  0.0637119  
79  0.78  0.445312  0.320988  0.624  0.227405  0.14876  0.035503  0.602076  0.116343  
80  0.79  0.945312  0.654321  0.824  0.370262  0.239669  0.112426  0.6609  0.168975  
81  0.8  0.0390625  0.987654  0.064  0.51312  0.330579  0.189349  0.719723  0.221607  
82  0.81  0.539062  0.00411523  0.264  0.655977  0.421488  0.266272  0.778547  0.274238  
83  0.82  0.289062  0.337449  0.464  0.798834  0.512397  0.343195  0.83737  0.32687  
84  0.83  0.789062  0.670782  0.664  0.941691  0.603306  0.420118  0.896194  0.379501  
85  0.84  0.164062  0.115226  0.864  0.104956  0.694215  0.497041  0.955017  0.432133  
86  0.85  0.664062  0.44856  0.104  0.247813  0.785124  0.573964  0.017301  0.484765  
87  0.86  0.414062  0.781893  0.304  0.390671  0.876033  0.650888  0.0761246  0.537396  
88  0.87  0.914062  0.226337  0.504  0.533528  0.966942  0.727811  0.134948  0.590028  
89  0.88  0.101562  0.559671  0.704  0.676385  0.0661157  0.804734  0.193772  0.642659  
90  0.89  0.601562  0.893004  0.904  0.819242  0.157025  0.881657  0.252595  0.695291  
91  0.9  0.351562  0.0411523  0.144  0.962099  0.247934  0.95858  0.311419  0.747922  
92  0.91  0.851562  0.374486  0.344  0.125364  0.338843  0.0414201  0.370242  0.800554  
93  0.92  0.226562  0.707819  0.544  0.268222  0.429752  0.118343  0.429066  0.853186  
94  0.93  0.726562  0.152263  0.744  0.411079  0.520661  0.195266  0.487889  0.905817  
95  0.94  0.476562  0.485597  0.944  0.553936  0.61157  0.272189  0.546713  0.958449  
96  0.95  0.976562  0.81893  0.184  0.696793  0.702479  0.349112  0.605536  0.0138504  
97  0.96  0.0234375  0.263374  0.384  0.83965  0.793388  0.426036  0.66436  0.066482  
98  0.97  0.523438  0.596708  0.584  0.982507  0.884298  0.502959  0.723183  0.119114  
99  0.98  0.273438  0.930041  0.784  0.0058309  0.975207  0.579882  0.782007  0.171745  
100  0.99  0.773438  0.0781893  0.984  0.148688  0.0743802  0.656805  0.84083  0.224377  

%SAMPLE.Y.HF
1  -70.6392  
2  -88.8997  
3  -96.0546  
4  -99.856  
5  -101.237  
6  -112.014  
7  -99.1969  
8  -123.036  
9  -118.969  
10  -114.461  
11  -109.301  
12  -133.083  
13  -110.806  
14  -123.424  
15  -132.667  
16  -123.746  
17  -115.198  
18  -125.332  
19  -104.893  
20  -120.813  
21  -105.728  
22  -107.076  
23  -108.173  
24  -140.822  
25  -111.061  
26  -119.065  
27  -114.576  
28  -110.561  
29  -105.841  
30  -134.35  
31  -106.871  
32  -135.731  
33  -125.412  
34  -126.609  
35  -117.98  
36  -131.096  
37  -99.4292  
38  -123.97  
39  -123.235  
40  -115.23  
41  -96.5669  
42  -122.198  
43  -104.845  
44  -133.745  
45  -128.756  
46  -111.15  
47  -117.451  
48  -150.692  
49  -119.526  
50  -143.62  
51  -134.56  
52  -123.028  
53  -108.013  
54  -138.93  
55  -113.302  
56  -123.93  
57  -112.694  
58  -105.933  
59  -112.576  
60  -145.361  
61  -105.045  
62  -132.337  
63  -141.382  
64  -139.649  
65  -128.295  
66  -125.776  
67  -108.688  
68  -136.281  
69  -117.999  
70  -123.141  
71  -114.478  
72  -149.355  
73  -108.095  
74  -134.102  
75  -145.493  
76  -136.376  
77  -121.041  
78  -144.044  
79  -111.671  
80  -143.904  
81  -116.427  
82  -114.523  
83  -120.2  
84  -151.336  
85  -123.824  
86  -123.742  
87  -129.324  
88  -139.454  
89  -121.771  
90  -153.964  
91  -118.605  
92  -133.799  
93  -126.597  
94  -135.506  
95  -142.813  
96  -154.444  
97  -113.107  
98  -140.023  
99  -147.49  
100  -141.922  

%SAMPLE.X.LF
1  0  0  0  0  0  0  0  0  0  
2  0.01  0.5  0.333333  0.2  0.142857  0.0909091  0.0769231  0.0588235  0.0526316  
3  0.02  0.25  0.666667  0.4  0.285714  0.181818  0.153846  0.117647  0.105263  
4  0.03  0.75  0.111111  0.6  0.428571  0.272727  0.230769  0.176471  0.157895  
5  0.04  0.125  0.444444  0.8  0.571429  0.363636  0.307692  0.235294  0.210526  
6  0.05  0.625  0.777778  0.04  0.714286  0.454545  0.384615  0.294118  0.263158  
7  0.06  0.375  0.222222  0.24  0.857143  0.545455  0.461538  0.352941  0.315789  
8  0.07  0.875  0.555556  0.44  0.0204082  0.636364  0.538462  0.411765  0.368421  
9  0.08  0.0625  0.888889  0.64  0.163265  0.727273  0.615385  0.470588  0.421053  
10  0.09  0.5625  0.037037  0.84  0.306122  0.818182  0.692308  0.529412  0.473684  
11  0.1  0.3125  0.37037  0.08  0.44898  0.909091  0.769231  0.588235  0.526316  
12  0.11  0.8125  0.703704  0.28  0.591837  0.00826446  0.846154  0.647059  0.578947  
13  0.12  0.1875  0.148148  0.48  0.734694  0.0991736  0.923077  0.705882  0.631579  
14  0.13  0.6875  0.481481  0.68  0.877551  0.190083  0.00591716  0.764706  0.684211  
15  0.14  0.4375  0.814815  0.88  0.0408163  0.280992  0.0828402  0.823529  0.736842  
16  0.15  0.9375  0.259259  0.12  0.183673  0.371901  0.159763  0.882353  0.789474  
17  0.16  0.03125  0.592593  0.32  0.326531  0.46281  0.236686  0.941176  0.842105  
18  0.17  0.53125  0.925926  0.52  0.469388  0.553719  0.313609  0.00346021  0.894737  
19  0.18  0.28125  0.0740741  0.72  0.612245  0.644628  0.390533  0.0622837  0.947368  
20  0.19  0.78125  0.407407  0.92  0.755102  0.735537  0.467456  0.121107  0.00277008  
21  0.2  0.15625  0.740741  0.16  0.897959  0.826446  0.544379  0.179931  0.0554017  
22  0.21  0.65625  0.185185  0.36  0.0612245  0.917355  0.621302  0.238754  0.108033  
23  0.22  0.40625  0.518519  0.56  0.204082  0.0165289  0.698225  0.297578  0.160665  
24  0.23  0.90625  0.851852  0.76  0.346939  0.107438  0.775148  0.356401  0.213296  
25  0.24  0.09375  0.296296  0.96  0.489796  0.198347  0.852071  0.415225  0.265928  
26  0.25  0.59375  0.62963  0.008  0.632653  0.289256  0.928994  0.474048  0.31856  
27  0.26  0.34375  0.962963  0.208  0.77551  0.380165  0.0118343  0.532872  0.371191  
28  0.27  0.84375  0.0123457  0.408  0.918367  0.471074  0.0887574  0.591696  0.423823  
29  0.28  0.21875  0.345679  0.608  0.0816327  0.561983  0.16568  0.650519  0.476454  
30  0.29  0.71875  0.679012  0.808  0.22449  0.652893  0.242604  0.709343  0.529086  
31  0.3  0.46875  0.123457  0.048  0.367347  0.743802  0.319527  0.768166  0.581717  
32  0.31  0.96875  0.45679  0.248  0.510204  0.834711  0.39645  0.82699  0.634349  
33  0.32  0.015625  0.790123  0.448  0.653061  0.92562  0.473373  0.885813  0.686981  
34  0.33  0.515625  0.234568  0.648  0.795918  0.0247934  0.550296  0.944637  0.739612  
35  0.34  0.265625  0.567901  0.848  0.938776  0.115702  0.627219  0.00692042  0.792244  
36  0.35  0.765625  0.901235  0.088  0.102041  0.206612  0.704142  0.0657439  0.844875  
37  0.36  0.140625  0.0493827  0.288  0.244898  0.297521  0.781065  0.124567  0.897507  
38  0.37  0.640625  0.382716  0.488  0.387755  0.38843  0.857988  0.183391  0.950139  
39  0.38  0.390625  0.716049  0.688  0.530612  0.479339  0.934911  0.242215  0.00554017  
40  0.39  0.890625  0.160494  0.888  0.673469  0.570248  0.0177515  0.301038  0.0581717  
41  0.4  0.078125  0.493827  0.128  0.816327  0.661157  0.0946746  0.359862  0.110803  
42  0.41  0.578125  0.82716  0.328  0.959184  0.752066  0.171598  0.418685  0.163435  
43  0.42  0.328125  0.271605  0.528  0.122449  0.842975  0.248521  0.477509  0.216066  
44  0.43  0.828125  0.604938  0.728  0.265306  0.933884  0.325444  0.536332  0.268698  
45  0.44  0.203125  0.938272  0.928  0.408163  0.0330579  0.402367  0.595156  0.32133  
46  0.45  0.703125  0.0864198  0.168  0.55102  0.123967  0.47929  0.653979  0.373961  
47  0.46  0.453125  0.419753  0.368  0.693878  0.214876  0.556213  0.712803  0.426593  
48  0.47  0.953125  0.753086  0.568  0.836735  0.305785  0.633136  0.771626  0.479224  
49  0.48  0.046875  0.197531  0.768  0.979592  0.396694  0.710059  0.83045  0.531856  
50  0.49  0.546875  0.530864  0.968  0.00291545  0.487603  0.786982  0.889273  0.584488  
51  0.5  0.296875  0.864198  0.016  0.145773  0.578512  0.863905  0.948097  0.637119  
52  0.51  0.796875  0.308642  0.216  0.28863  0.669421  0.940828  0.0103806  0.689751  
53  0.52  0.171875  0.641975  0.416  0.431487  0.760331  0.0236686  0.0692042  0.742382  
54  0.53  0.671875  0.975309  0.616  0.574344  0.85124  0.100592  0.128028  0.795014  
55  0.54  0.421875  0.0246914  0.816  0.717201  0.942149  0.177515  0.186851  0.847645  
56  0.55  0.921875  0.358025  0.056  0.860058  0.0413223  0.254438  0.245675  0.900277  
57  0.56  0.109375  0.691358  0.256  0.0233236  0.132231  0.331361  0.304498  0.952909  
58  0.57  0.609375  0.135802  0.456  0.166181  0.22314  0.408284  0.363322  0.00831025  
59  0.58  0.359375  0.469136  0.656  0.309038  0.31405  0.485207  0.422145  0.0609418  
60  0.59  0.859375  0.802469  0.856  0.451895  0.404959  0.56213  0.480969  0.113573  
61  0.6  0.234375  0.246914  0.096  0.594752  0.495868  0.639053  0.539792  0.166205  
62  0.61  0.734375  0.580247  0.296  0.737609  0.586777  0.715976  0.598616  0.218837  
63  0.62  0.484375  0.91358  0.496  0.880466  0.677686  0.792899  0.657439  0.271468  
64  0.63  0.984375  0.0617284  0.696  0.0437318  0.768595  0.869822  0.716263  0.3241  
65  0.64  0.0078125  0.395062  0.896  0.186589  0.859504  0.946746  0.775087  0.376731  
66  0.65  0.507812  0.728395  0.136  0.329446  0.950413  0.0295858  0.83391  0.429363  
67  0.66  0.257812  0.17284  0.336  0.472303  0.0495868  0.106509  0.892734  0.481994  
68  0.67  0.757812  0.506173  0.536  0.61516  0.140496  0.183432  0.951557  0.534626  
69  0.68  0.132812  0.839506  0.736  0.758017  0.231405  0.260355  0.0138408  0.587258  
70  0.69  0.632812  0.283951  0.936  0.900875  0.322314  0.337278  0.0726644  0.639889  
71  0.7  0.382812  0.617284  0.176  0.0641399  0.413223  0.414201  0.131488  0.692521  
72  0.71  0.882812  0.950617  0.376  0.206997  0.504132  0.491124  0.190311  0.745152  
73  0.72  0.0703125  0.0987654  0.576  0.349854  0.595041  0.568047  0.249135  0.797784  
74  0.73  0.570312  0.432099  0.776  0.492711  0.68595  0.64497  0.307958  0.850416  
75  0.74  0.320312  0.765432  0.976  0.635569  0.77686  0.721893  0.366782  0.903047  
76  0.75  0.820312  0.209877  0.024  0.778426  0.867769  0.798817  0.425606  0.955679  
77  0.76  0.195312  0.54321  0.224  0.921283  0.958678  0.87574  0.484429  0.0110803  
78  0.77  0.695312  0.876543  0.424  0.0845481  0.0578512  0.952663  0.543253  0.0637119  
79  0.78  0.445312  0.320988  0.624  0.227405  0.14876  0.035503  0.602076  0.116343  
80  0.79  0.945312  0.654321  0.824  0.370262  0.239669  0.112426  0.6609  0.168975  
81  0.8  0.0390625  0.987654  0.064  0.51312  0.330579  0.189349  0.719723  0.221607  
82  0.81  0.539062  0.00411523  0.264  0.655977  0.421488  0.266272  0.778547  0.274238  
83  0.82  0.289062  0.337449  0.464  0.798834  0.512397  0.343195  0.83737  0.32687  
84  0.83  0.789062  0.670782  0.664  0.941691  0.603306  0.420118  0.896194  0.379501  
85  0.84  0.164062  0.115226  0.864  0.104956  0.694215  0.497041  0.955017  0.432133  
86  0.85  0.664062  0.44856  0.104  0.247813  0.785124  0.573964  0.017301  0.484765  
87  0.86  0.414062  0.781893  0.304  0.390671  0.876033  0.650888  0.0761246  0.537396  
88  0.87  0.914062  0.226337  0.504  0.533528  0.966942  0.727811  0.134948  0.590028  
89  0.88  0.101562  0.559671  0.704  0.676385  0.0661157  0.804734  0.193772  0.642659  
90  0.89  0.601562  0.893004  0.904  0.819242  0.157025  0.881657  0.252595  0.695291  
91  0.9  0.351562  0.0411523  0.144  0.962099  0.247934  0.95858  0.311419  0.747922  
92  0.91  0.851562  0.374486  0.344  0.125364  0.338843  0.0414201  0.370242  0.800554  
93  0.92  0.226562  0.707819  0.544  0.268222  0.429752  0.118343  0.429066  0.853186  
94  0.93  0.726562  0.152263  0.744  0.411079  0.520661  0.195266  0.487889  0.905817  
95  0.94  0.476562  0.485597  0.944  0.553936  0.61157  0.272189  0.546713  0.958449  
96  0.95  0.976562  0.81893  0.184  0.696793  0.702479  0.349112  0.605536  0.0138504  
97  0.96  0.0234375  0.263374  0.384  0.83965  0.793388  0.426036  0.66436  0.066482  
98  0.97  0.523438  0.596708  0.584  0.982507  0.884298  0.502959  0.723183  0.119114  
99  0.98  0.273438  0.930041  0.784  0.0058309  0.975207  0.579882  0.782007  0.171745  
100  0.99  0.773438  0.0781893  0.984  0.148688  0.0743802  0.656805  0.84083  0.224377  

%SAMPLE.Y.LF
1  -71.5615  
2  -90.0699  
3  -97.327  
4  -101.181  
5  -102.593  
6  -113.499  
7  -100.492  
8  -124.658  
9  -120.54  
10  -115.955  
11  -110.699  
12  -134.836  
13  -112.234  
14  -125.057  
15  -134.423  
16  -125.548  
17  -116.694  
18  -126.99  
19  -106.267  
20  -122.432  
21  -107.122  
22  -108.478  
23  -109.603  
24  -142.682  
25  -112.523  
26  -120.625  
27  -116.089  
28  -112.019  
29  -107.228  
30  -136.122  
31  -108.256  
32  -137.514  
33  -127.042  
34  -128.268  
35  -119.566  
36  -132.812  
37  -100.713  
38  -125.608  
39  -124.862  
40  -116.771  
41  -97.8467  
42  -123.83  
43  -106.223  
44  -135.509  
45  -130.467  
46  -112.609  
47  -118.995  
48  -152.682  
49  -121.077  
50  -145.514  
51  -136.059  
52  -124.642  
53  -109.441  
54  -140.779  
55  -114.803  
56  -125.551  
57  -114.161  
58  -107.325  
59  -114.062  
60  -147.285  
61  -106.413  
62  -134.079  
63  -143.253  
64  -141.483  
65  -129.955  
66  -127.441  
67  -110.118  
68  -138.084  
69  -119.575  
70  -124.791  
71  -115.982  
72  -151.303  
73  -109.504  
74  -135.874  
75  -147.412  
76  -138.148  
77  -122.609  
78  -145.928  
79  -113.132  
80  -145.807  
81  -117.961  
82  -116.026  
83  -121.781  
84  -153.328  
85  -125.435  
86  -125.363  
87  -131.03  
88  -141.295  
89  -123.377  
90  -156.015  
91  -120.144  
92  -135.52  
93  -128.267  
94  -137.282  
95  -144.695  
96  -156.457  
97  -114.588  
98  -141.888  
99  -149.439  
100  -143.778  

%TIME.SPENT.PHASES
'nh'    'nl'    'INFILL'    'EVAL'    'BUILD'
100    100    0    1.21032e+010    1.19954e+008

%MEAN.BEST.OBJECTIVE.FUNCTION

%RESULT.MEAN.BEST
-114.478

%RESULT.STANDARD.DEVIATION.BEST
0

%RESULT.BEST.INDIVIDUAL

%RESULT.OBJECTIVE.FUNCTION
-114.478

%RESULT.PENALIZED.OBJECTIVE.FUNCTION
-114.478

%DESIGN.VARIABLES
0.7
0.382812
0.617284
0.176
0.0641399
0.413223
0.414201
0.131488
0.692521

%CONSTRAINT.VALUES
-0.0108265

%RESULT.SUCCESS.RATE
100

%SEED
1641517133

%CPU.TIME
12223.4

%WALL.CLOCK.TIME
12224

%END