%HEADER
Output file generated by BIOS 3.0.

--------------------------OPTIMIZATION.PARAMETERS---------------------------

%OPTIMIZATION.ALGORITHM
'SAOHKRG'
'SAOCOKRG'

%OPTIMIZATION.NUMBER
1
 
%MAXIMUM.GENERATIONS
100

%MAXIMUM.NUMBER.OF.POINTS
100
 
%MIGRATION.GENERATION.GAP
10

%MIGRATION.INDIVIDUAL.NUMBER
1

%MAXIMUM.THREAD.NUMBER
1

%STALL.GEN
20

------------------------------PROBLEM.PARAMETERS-----------------------------
 
%INDIVIDUAL.TYPE
'DoubleVector'
'IntegerVector'

%PROBLEM.TYPE
'SquarePlateMFBuckFGM'

%%MINIMUM.OBJECTIVE.FUNCTION
7.45728E+09

---------------------------SAMPLING.PARAMETERS-----------------------------

%SAMPLING.METHOD
'NLHS'
'LHS'
'HAMMERSLEY'
'RANDOM'
'SOBOL'
'CVT'
'LCVT'

%NUMBER.OF.INITIAL.SAMPLING.POINTS
15

%NUMBER.OF.INITIAL.LF.SAMPLING.POINTS
30

%USE.NESTED.SAMPLE
1

----------------------RADIAL.BASIS.FUNCTION.PARAMETERS----------------------

%SIGMA.TYPE
'KFCV'
'NAK'
'LOOCV'
'ASKIT'
'UKIT'

-----------------------------KRIGING.PARAMETERS-----------------------------

%CORRELATION.TYPE
'GAUSS'
'MATERN'

%KRG.HYPERPARAMETERS
-5.0 3.0

-----------------------ACQUISITION.FUNCTION.PARAMETERS----------------------

%INFILL.CRITERIA
'VFEI'
'VFPOI'
'ExpectedImprovement'
'ProbabilityOfImprovement'
'LowerConfidenceBound'
'SurrogateMinimization'
'VFLCB'

%CONSTRAINT.HANDLING.METHOD
'SCHONLAU'
'BAGHERI'
'TUTUM'
'SOBESTER'

%BETA.VALUE
1.0

%WEI.VALUE
0.5

%USE.CYCLIC.WEI
0

-------------------SUB.OPTIMIZATION.ALGORITHM.PARAMETERS-------------------

%SUB.OPTIMIZATION.ALGORITHM
'StdPSO'
'StdDE'
'StdGA'
'LamPSO'
'LamGA'

%SUB.DE.TYPE
'LocalToBest'
'Rand1'
'BestWithJitter'

%SUB.PSO.TOPOLOGY
'Square'
'Ring'
'Gbest'

%SUB.MAXIMUM.GENERATIONS
500

%SUB.POPULATION.SIZE
100

%SUB.MUTATION.PROBABILITY
0.05

-----------------------------PENALTY.PARAMETERS-----------------------------

%PENALTY.METHOD
'Static'
'Adaptive'
'Deb2000'

%PENALTY.CONSTANT.FACTOR
1.0e15

%HEADER
Output file generated by BIOS 3.0.
 
%MATERIAL
2

%MATERIAL.ISOTROPIC
2
1 70e9   0.30   0.00   0.00 
2 380e9  0.30   0.00   0.00

%FGM.MATERIALS
2
1
2

%FGM.MODEL
'Mori-Tanaka'

%FGM.VOLUME.DISTRIBUTION
'BSpline'
'Power-Law'
'PCHIP'
'Polynomial'

%FGM.NUMBER.OF.CONTROL.POINTS
5

